Figure 2 at-risk restriction, checked against every stored cell

  N=1  100 arms, 1500 items
     excluded as already correct: 159 items (10.60%)
     arms left under 2 scorable items: 10
        w11_d1_B.json    14 of 15 already correct
        w22_d1_B.json    15 of 15 already correct
        w28_d1_A.json    15 of 15 already correct
        w32_d1_B.json    15 of 15 already correct
        w35_d1_A.json    14 of 15 already correct
        w37_d1_B.json    14 of 15 already correct
        w40_d1_A.json    15 of 15 already correct
        w43_d1_A.json    15 of 15 already correct
        w44_d1_A.json    14 of 15 already correct
        w48_d1_B.json    15 of 15 already correct

  N=2  100 arms, 1500 items
     excluded as already correct: 88 items (5.87%)
     arms left under 2 scorable items: 4
        w35_d2_A.json    14 of 15 already correct
        w40_d2_A.json    15 of 15 already correct
        w43_d2_A.json    15 of 15 already correct
        w48_d2_B.json    15 of 15 already correct

  N=3  100 arms, 1500 items
     excluded as already correct: 54 items (3.60%)
     arms left under 2 scorable items: 2
        w48_d3_B.json    15 of 15 already correct
        w49_d3_A.json    15 of 15 already correct

  arms whose branches disagree at the switch: 0 of 300  OK
  records whose stored chance is not 1/n_items: 0 of 300  OK
