15 cells, window 4000 rescaled epochs, one rate throughout
Traceback (most recent call last):
  File "<string>", line 1, in <module>
  File "C:\Users\hugos\AppData\Local\Programs\Python\Python312\LTraceback (most recent call last):
  File "<string>", line 1, in <module>
  File "C:\Users\hugos\AppData\Local\Programs\Python\Python312\Lib\multiprocessing\spawn.py", line 108, in spawn_main
    source_process = _winapi.OpenProcess(
                     ^^^^^^^^^^^^^^^^^^^^
OSError: [WinError 87] The parameter is incorrect
Traceback (most recent call last):
  File "<string>", line 1, in <module>
  File "C:\Users\hugos\AppData\Local\Programs\Python\Python312\Lib\multiprocessing\spawn.py", line 108, in spawn_main
    source_process = _winapi.OpenProcess(
                     ^^^^^^^^^^^^^^^^^^^^
OSError: [WinError 87] The parameter is incorrect
Traceback (most recent call last):
  File "<string>", line 1, in <module>
  File "C:\Users\hugos\AppData\Local\Programs\Python\Python312\Lib\multiprocessing\spawn.py", line 108, in spawn_main
    source_process = _winapi.OpenProcess(
                     ^^^^^^^^^^^^^^^^^^^^
OSError: [WinError 87] The parameter is incorrect
Traceback (most recent call last):
  File "<string>", line 1, in <module>
  File "C:\Users\hugos\AppData\Local\Programs\Python\Python312\Lib\multiprocessing\spawn.py", line 108, in spawn_main
    source_process = _winapi.OpenProcess(
                     ^^^^^^^^^^^^^^^^^^^^
OSError: [WinError 87] The parameter is incorrect
Traceback (most recent call last):
  File "<string>", line 1, in <module>
  File "C:\Users\hugos\AppData\Local\Programs\Python\Python312\Lib\multiprocessing\spawn.py", line 108, in spawn_main
    source_process = _winapi.OpenProcess(
                     ^^^^^^^^^^^^^^^^^^^^
OSError: [WinError 87] The parameter is incorrect
Traceback (most recent call last):
  File "<string>", line 1, in <module>
  File "C:\Users\hugos\AppData\Local\Programs\Python\Python312\Lib\multiprocessing\spawn.py", line 108, in spawn_main
    source_process = _winapi.OpenProcess(
                     ^^^^^^^^^^^^^^^^^^^^
OSError: [WinError 87] The parameter is incorrect
Traceback (most recent call last):
  File "<string>", line 1, in <module>
  File "C:\Users\hugos\AppData\Local\Programs\Python\Python312\Lib\multiprocessing\spawn.py", line 108, in spawn_main
    source_process = _winapi.OpenProcess(
                     ^^^^^^^^^^^^^^^^^^^^
OSError: [WinError 87] The parameter is incorrect
"C:\Users\hugos\AppData\Local\Programs\Python\Python312\Lib\multiprocessing\reduction.py", line 79, in duplicate
    return _winapi.DuplicateHandle(
           ^^^^^^^^^^^^^^^^^^^^^^^^
PermissionError: [WinError 5] Access is denied
Traceback (most recent call last):
  File "<string>", line 1, in <module>
  File "C:\Users\hugos\AppData\Local\Programs\Python\Python312\Lib\multiprocessing\spawn.py", line 113, in spawn_main
    new_handle = reduction.duplicate(pipe_handle,
                 ^^^^^^^^^^^^^^^^^^^^^^^^^^^^^^^^
  File "C:\Users\hugos\AppData\Local\Programs\Python\Python312\Lib\multiprocessing\reduction.py", line 79, in duplicate
    return _winapi.DuplicateHandle(
           ^^^^^^^^^^^^^^^^^^^^^^^^
PermissionError: [WinError 5] Access is denied
Traceback (most recent call last):
  File "<string>", line 1, in <module>
  File "C:\Users\hugos\AppData\Local\Programs\Python\Python312\Lib\multiprocessing\spawn.py", line 113, in spawn_main
    new_handle = reduction.duplicate(pipe_handle,
                 ^^^^^^^^^^^^^^^^^^^^^^^^^^^^^^^^
  File "C:\Users\hugos\AppData\Local\Programs\Python\Python312\Lib\multiprocessing\reduction.py", line 79, in duplicate
    return _winapi.DuplicateHandle(
           ^^^^^^^^^^^^^^^^^^^^^^^^
PermissionError: [WinError 5] Access is denied
Traceback (most recent call last):
  File "<string>", line 1, in <module>
  File "C:\Users\hugos\AppData\Local\Programs\Python\Python312\Lib\multiprocessing\spawn.py", line 113, in spawn_main
    new_handle = reduction.duplicate(pipe_handle,
                 ^^^^^^^^^^^^^^^^^^^^^^^^^^^^^^^^
  File "C:\Users\hugos\AppData\Local\Programs\Python\Python312\Lib\multiprocessing\reduction.py", line 79, in duplicate
    return _winapi.DuplicateHandle(
           ^^^^^^^^^^^^^^^^^^^^^^^^
PermissionError: [WinError 5] Access is denied
