150 cells, window 4000 rescaled epochs, one rate throughout
  wrote w52 N=1 at 0.003  (157s)
  wrote w51 N=1 at 0.003  (158s)
  wrote w53 N=1 at 0.003  (158s)
  wrote w50 N=1 at 0.003  (159s)
  wrote w51 N=2 at 0.003  (179s)
  wrote w50 N=2 at 0.003  (180s)
  wrote w52 N=2 at 0.003  (180s)
  wrote w53 N=2 at 0.003  (180s)
  wrote w50 N=3 at 0.003  (292s)
  wrote w52 N=3 at 0.003  (293s)
  wrote w51 N=3 at 0.003  (293s)
  wrote w53 N=3 at 0.003  (293s)
  wrote w54 N=1 at 0.003  (154s)
  wrote w55 N=1 at 0.003  (155s)
  wrote w56 N=1 at 0.003  (155s)
  wrote w54 N=2 at 0.003  (178s)
  wrote w55 N=2 at 0.003  (176s)
  wrote w56 N=2 at 0.003  (176s)
  wrote w54 N=3 at 0.003  (290s)
  wrote w57 N=1 at 0.003  (155s)
  wrote w58 N=1 at 0.003  (153s)
  wrote w57 N=2 at 0.003  (176s)
  wrote w55 N=3 at 0.003  (290s)
  wrote w58 N=2 at 0.003  (176s)
  wrote w59 N=1 at 0.003  (154s)
  wrote w59 N=2 at 0.003  (176s)
  wrote w56 N=3 at 0.003  (286s)
  wrote w57 N=3 at 0.003  (288s)
  wrote w60 N=1 at 0.003  (154s)
  wrote w58 N=3 at 0.003  (288s)
  wrote w61 N=1 at 0.003  (154s)
  wrote w60 N=2 at 0.003  (176s)
  wrote w62 N=1 at 0.003  (154s)
  wrote w59 N=3 at 0.003  (288s)
  wrote w61 N=2 at 0.003  (177s)
  wrote w62 N=2 at 0.003  (175s)
  wrote w63 N=1 at 0.003  (154s)
  wrote w60 N=3 at 0.003  (288s)
  wrote w61 N=3 at 0.003  (288s)
  wrote w64 N=1 at 0.003  (156s)
  wrote w63 N=2 at 0.003  (177s)
  wrote w65 N=1 at 0.003  (154s)
  wrote w64 N=2 at 0.003  (178s)
  wrote w65 N=2 at 0.003  (176s)
  wrote w62 N=3 at 0.003  (287s)
  wrote w66 N=1 at 0.003  (155s)
  wrote w63 N=3 at 0.003  (288s)
  wrote w66 N=2 at 0.003  (177s)
  wrote w64 N=3 at 0.003  (291s)
  wrote w67 N=1 at 0.003  (156s)
  wrote w67 N=2 at 0.003  (181s)
  wrote w68 N=1 at 0.003  (159s)
  wrote w65 N=3 at 0.003  (292s)
  wrote w68 N=2 at 0.003  (183s)
  wrote w69 N=1 at 0.003  (164s)
  wrote w66 N=3 at 0.003  (300s)
  wrote w69 N=2 at 0.003  (188s)
  wrote w70 N=1 at 0.003  (165s)
  wrote w67 N=3 at 0.003  (301s)
  wrote w70 N=2 at 0.003  (188s)
  wrote w71 N=1 at 0.003  (165s)
  wrote w68 N=3 at 0.003  (309s)
  wrote w71 N=2 at 0.003  (193s)
  wrote w72 N=1 at 0.003  (168s)
  wrote w69 N=3 at 0.003  (311s)
  wrote w73 N=1 at 0.003  (167s)
  wrote w72 N=2 at 0.003  (191s)
  wrote w70 N=3 at 0.003  (312s)
  wrote w73 N=2 at 0.003  (189s)
  wrote w74 N=1 at 0.003  (166s)
  wrote w71 N=3 at 0.003  (309s)
  wrote w74 N=2 at 0.003  (179s)
  wrote w75 N=1 at 0.003  (157s)
  wrote w72 N=3 at 0.003  (303s)
  wrote w75 N=2 at 0.003  (182s)
  wrote w76 N=1 at 0.003  (159s)
  wrote w73 N=3 at 0.003  (307s)
  wrote w77 N=1 at 0.003  (164s)
  wrote w76 N=2 at 0.003  (185s)
  wrote w74 N=3 at 0.003  (301s)
  wrote w77 N=2 at 0.003  (187s)
  wrote w78 N=1 at 0.003  (166s)
  wrote w75 N=3 at 0.003  (304s)
  wrote w78 N=2 at 0.003  (190s)
  wrote w79 N=1 at 0.003  (164s)
  wrote w76 N=3 at 0.003  (305s)
  wrote w79 N=2 at 0.003  (188s)
  wrote w80 N=1 at 0.003  (165s)
  wrote w77 N=3 at 0.003  (309s)
  wrote w80 N=2 at 0.003  (188s)
  wrote w81 N=1 at 0.003  (166s)
  wrote w78 N=3 at 0.003  (310s)
  wrote w82 N=1 at 0.003  (168s)
  wrote w81 N=2 at 0.003  (192s)
  wrote w79 N=3 at 0.003  (311s)
  wrote w82 N=2 at 0.003  (192s)
  wrote w83 N=1 at 0.003  (168s)
  wrote w80 N=3 at 0.003  (311s)
  wrote w83 N=2 at 0.003  (187s)
  wrote w84 N=1 at 0.003  (162s)
  wrote w81 N=3 at 0.003  (304s)
  wrote w84 N=2 at 0.003  (183s)
  wrote w85 N=1 at 0.003  (160s)
  wrote w82 N=3 at 0.003  (306s)
  wrote w85 N=2 at 0.003  (181s)
  wrote w86 N=1 at 0.003  (158s)
  wrote w83 N=3 at 0.003  (297s)
  wrote w86 N=2 at 0.003  (177s)
  wrote w87 N=1 at 0.003  (156s)
  wrote w84 N=3 at 0.003  (297s)
  wrote w87 N=2 at 0.003  (182s)
  wrote w85 N=3 at 0.003  (296s)
  wrote w88 N=1 at 0.003  (159s)
  wrote w88 N=2 at 0.003  (190s)
  wrote w89 N=1 at 0.003  (169s)
  wrote w86 N=3 at 0.003  (312s)
  wrote w89 N=2 at 0.003  (204s)
  wrote w90 N=1 at 0.003  (190s)
  wrote w87 N=3 at 0.003  (329s)
  wrote w90 N=2 at 0.003  (221s)
  wrote w91 N=1 at 0.003  (197s)
  wrote w88 N=3 at 0.003  (338s)
  wrote w91 N=2 at 0.003  (222s)
  wrote w92 N=1 at 0.003  (191s)
  wrote w89 N=3 at 0.003  (341s)
  wrote w92 N=2 at 0.003  (209s)
  wrote w93 N=1 at 0.003  (177s)
  wrote w90 N=3 at 0.003  (344s)
  wrote w93 N=2 at 0.003  (198s)
  wrote w94 N=1 at 0.003  (173s)
  wrote w91 N=3 at 0.003  (342s)
  wrote w95 N=1 at 0.003  (173s)
  wrote w94 N=2 at 0.003  (198s)
  wrote w92 N=3 at 0.003  (334s)
  wrote w95 N=2 at 0.003  (201s)
  wrote w96 N=1 at 0.003  (177s)
  wrote w93 N=3 at 0.003  (328s)
  wrote w96 N=2 at 0.003  (203s)
  wrote w97 N=1 at 0.003  (179s)
  wrote w94 N=3 at 0.003  (329s)
  wrote w97 N=2 at 0.003  (200s)
  wrote w98 N=1 at 0.003  (174s)
  wrote w95 N=3 at 0.003  (318s)
  wrote w98 N=2 at 0.003  (183s)
  wrote w99 N=1 at 0.003  (145s)
  wrote w96 N=3 at 0.003  (291s)
  wrote w99 N=2 at 0.003  (146s)
  wrote w97 N=3 at 0.003  (273s)
  wrote w98 N=3 at 0.003  (245s)
  wrote w99 N=3 at 0.003  (190s)
C:\Users\hugos\Desktop\Research\Abstract Relational Paper\compositional-dynamics\code\relspec\measure.py:209: RuntimeWarning: divide by zero encountered in divide
  return 100.0 * np.clip((raw - chance) / (1.0 - chance), 0.0, 1.0)
C:\Users\hugos\Desktop\Research\Abstract Relational Paper\compositional-dynamics\code\relspec\measure.py:209: RuntimeWarning: invalid value encountered in divide
  return 100.0 * np.clip((raw - chance) / (1.0 - chance), 0.0, 1.0)
wrote C:\Users\hugos\Desktop\Research\Abstract Relational Paper\compositional-dynamics\figures\fig3_eta0p003.png
