300 cells, window 4000 rescaled epochs, one rate throughout
  wrote w102 N=1 at 0.003  (152s)
  wrote w100 N=1 at 0.003  (152s)
  wrote w103 N=1 at 0.003  (153s)
  wrote w101 N=1 at 0.003  (153s)
  wrote w102 N=2 at 0.003  (175s)
  wrote w101 N=2 at 0.003  (175s)
  wrote w100 N=2 at 0.003  (176s)
  wrote w103 N=2 at 0.003  (176s)
  wrote w102 N=3 at 0.003  (287s)
  wrote w100 N=3 at 0.003  (288s)
  wrote w101 N=3 at 0.003  (289s)
  wrote w103 N=3 at 0.003  (291s)
  wrote w104 N=1 at 0.003  (154s)
  wrote w105 N=1 at 0.003  (155s)
  wrote w104 N=2 at 0.003  (176s)
  wrote w106 N=1 at 0.003  (153s)
  wrote w105 N=2 at 0.003  (176s)
  wrote w106 N=2 at 0.003  (176s)
  wrote w107 N=1 at 0.003  (152s)
  wrote w104 N=3 at 0.003  (288s)
  wrote w108 N=1 at 0.003  (153s)
  wrote w105 N=3 at 0.003  (289s)
  wrote w107 N=2 at 0.003  (175s)
  wrote w109 N=1 at 0.003  (154s)
  wrote w108 N=2 at 0.003  (176s)
  wrote w109 N=2 at 0.003  (175s)
  wrote w106 N=3 at 0.003  (287s)
  wrote w107 N=3 at 0.003  (292s)
  wrote w110 N=1 at 0.003  (153s)
  wrote w110 N=2 at 0.003  (174s)
  wrote w111 N=1 at 0.003  (153s)
  wrote w108 N=3 at 0.003  (291s)
  wrote w111 N=2 at 0.003  (174s)
  wrote w112 N=1 at 0.003  (155s)
  wrote w109 N=3 at 0.003  (289s)
  wrote w112 N=2 at 0.003  (176s)
  wrote w113 N=1 at 0.003  (158s)
  wrote w110 N=3 at 0.003  (286s)
  wrote w113 N=2 at 0.003  (175s)
  wrote w114 N=1 at 0.003  (154s)
  wrote w111 N=3 at 0.003  (292s)
  wrote w115 N=1 at 0.003  (154s)
  wrote w114 N=2 at 0.003  (178s)
  wrote w115 N=2 at 0.003  (176s)
  wrote w112 N=3 at 0.003  (290s)
  wrote w116 N=1 at 0.003  (162s)
  wrote w113 N=3 at 0.003  (292s)
  wrote w116 N=2 at 0.003  (179s)
  wrote w117 N=1 at 0.003  (158s)
  wrote w114 N=3 at 0.003  (293s)
  wrote w117 N=2 at 0.003  (184s)
  wrote w118 N=1 at 0.003  (164s)
  wrote w115 N=3 at 0.003  (296s)
  wrote w118 N=2 at 0.003  (182s)
  wrote w116 N=3 at 0.003  (297s)
  wrote w119 N=1 at 0.003  (165s)
  wrote w120 N=1 at 0.003  (159s)
  wrote w119 N=2 at 0.003  (181s)
  wrote w117 N=3 at 0.003  (300s)
  wrote w120 N=2 at 0.003  (181s)
  wrote w121 N=1 at 0.003  (164s)
  wrote w118 N=3 at 0.003  (298s)
  wrote w121 N=2 at 0.003  (181s)
  wrote w119 N=3 at 0.003  (298s)
  wrote w122 N=1 at 0.003  (159s)
  wrote w123 N=1 at 0.003  (159s)
  wrote w122 N=2 at 0.003  (186s)
  wrote w120 N=3 at 0.003  (303s)
  wrote w123 N=2 at 0.003  (184s)
  wrote w124 N=1 at 0.003  (165s)
  wrote w121 N=3 at 0.003  (300s)
  wrote w124 N=2 at 0.003  (183s)
  wrote w125 N=1 at 0.003  (159s)
  wrote w122 N=3 at 0.003  (300s)
  wrote w125 N=2 at 0.003  (182s)
  wrote w123 N=3 at 0.003  (298s)
  wrote w126 N=1 at 0.003  (164s)
  wrote w126 N=2 at 0.003  (185s)
  wrote w127 N=1 at 0.003  (164s)
  wrote w124 N=3 at 0.003  (298s)
  wrote w127 N=2 at 0.003  (181s)
  wrote w128 N=1 at 0.003  (158s)
  wrote w125 N=3 at 0.003  (299s)
  wrote w129 N=1 at 0.003  (158s)
  wrote w128 N=2 at 0.003  (181s)
  wrote w126 N=3 at 0.003  (299s)
  wrote w129 N=2 at 0.003  (185s)
  wrote w130 N=1 at 0.003  (163s)
  wrote w127 N=3 at 0.003  (297s)
  wrote w130 N=2 at 0.003  (181s)
  wrote w131 N=1 at 0.003  (158s)
  wrote w128 N=3 at 0.003  (297s)
  wrote w131 N=2 at 0.003  (180s)
  wrote w132 N=1 at 0.003  (158s)
  wrote w129 N=3 at 0.003  (301s)
  wrote w132 N=2 at 0.003  (181s)
  wrote w130 N=3 at 0.003  (297s)
  wrote w133 N=1 at 0.003  (163s)
  wrote w133 N=2 at 0.003  (182s)
  wrote w134 N=1 at 0.003  (159s)
  wrote w131 N=3 at 0.003  (297s)
  wrote w134 N=2 at 0.003  (181s)
  wrote w135 N=1 at 0.003  (157s)
  wrote w132 N=3 at 0.003  (301s)
  wrote w135 N=2 at 0.003  (185s)
  wrote w136 N=1 at 0.003  (158s)
  wrote w133 N=3 at 0.003  (297s)
  wrote w136 N=2 at 0.003  (184s)
  wrote w137 N=1 at 0.003  (157s)
  wrote w134 N=3 at 0.003  (296s)
  wrote w138 N=1 at 0.003  (158s)
  wrote w137 N=2 at 0.003  (180s)
  wrote w135 N=3 at 0.003  (297s)
  wrote w138 N=2 at 0.003  (185s)
  wrote w139 N=1 at 0.003  (159s)
  wrote w136 N=3 at 0.003  (298s)
  wrote w139 N=2 at 0.003  (182s)
  wrote w140 N=1 at 0.003  (159s)
  wrote w137 N=3 at 0.003  (296s)
  wrote w140 N=2 at 0.003  (180s)
  wrote w141 N=1 at 0.003  (158s)
  wrote w138 N=3 at 0.003  (302s)
  wrote w141 N=2 at 0.003  (181s)
  wrote w142 N=1 at 0.003  (158s)
  wrote w139 N=3 at 0.003  (301s)
  wrote w142 N=2 at 0.003  (182s)
  wrote w143 N=1 at 0.003  (158s)
  wrote w140 N=3 at 0.003  (299s)
  wrote w143 N=2 at 0.003  (181s)
  wrote w144 N=1 at 0.003  (158s)
  wrote w141 N=3 at 0.003  (301s)
  wrote w145 N=1 at 0.003  (159s)
  wrote w144 N=2 at 0.003  (185s)
  wrote w142 N=3 at 0.003  (298s)
  wrote w145 N=2 at 0.003  (183s)
  wrote w146 N=1 at 0.003  (157s)
  wrote w143 N=3 at 0.003  (297s)
  wrote w147 N=1 at 0.003  (158s)
  wrote w146 N=2 at 0.003  (182s)
  wrote w144 N=3 at 0.003  (298s)
  wrote w147 N=2 at 0.003  (185s)
  wrote w148 N=1 at 0.003  (165s)
  wrote w145 N=3 at 0.003  (300s)
  wrote w148 N=2 at 0.003  (183s)
  wrote w149 N=1 at 0.003  (159s)
  wrote w146 N=3 at 0.003  (299s)
  wrote w149 N=2 at 0.003  (183s)
  wrote w150 N=1 at 0.003  (160s)
  wrote w147 N=3 at 0.003  (300s)
  wrote w150 N=2 at 0.003  (183s)
  wrote w151 N=1 at 0.003  (163s)
  wrote w148 N=3 at 0.003  (301s)
  wrote w151 N=2 at 0.003  (181s)
  wrote w152 N=1 at 0.003  (158s)
  wrote w149 N=3 at 0.003  (298s)
  wrote w152 N=2 at 0.003  (181s)
  wrote w153 N=1 at 0.003  (158s)
  wrote w150 N=3 at 0.003  (302s)
  wrote w153 N=2 at 0.003  (181s)
  wrote w154 N=1 at 0.003  (164s)
  wrote w151 N=3 at 0.003  (297s)
  wrote w154 N=2 at 0.003  (184s)
  wrote w155 N=1 at 0.003  (158s)
  wrote w152 N=3 at 0.003  (297s)
  wrote w155 N=2 at 0.003  (180s)
  wrote w156 N=1 at 0.003  (159s)
  wrote w153 N=3 at 0.003  (298s)
  wrote w156 N=2 at 0.003  (185s)
  wrote w157 N=1 at 0.003  (164s)
  wrote w154 N=3 at 0.003  (298s)
  wrote w157 N=2 at 0.003  (181s)
  wrote w158 N=1 at 0.003  (159s)
  wrote w155 N=3 at 0.003  (297s)
  wrote w159 N=1 at 0.003  (159s)
  wrote w158 N=2 at 0.003  (181s)
  wrote w156 N=3 at 0.003  (298s)
  wrote w159 N=2 at 0.003  (182s)
  wrote w157 N=3 at 0.003  (299s)
  wrote w160 N=1 at 0.003  (163s)
  wrote w160 N=2 at 0.003  (181s)
  wrote w161 N=1 at 0.003  (158s)
  wrote w158 N=3 at 0.003  (297s)
  wrote w161 N=2 at 0.003  (186s)
  wrote w162 N=1 at 0.003  (163s)
  wrote w159 N=3 at 0.003  (307s)
  wrote w162 N=2 at 0.003  (187s)
  wrote w160 N=3 at 0.003  (305s)
  wrote w163 N=1 at 0.003  (170s)
  wrote w163 N=2 at 0.003  (191s)
  wrote w164 N=1 at 0.003  (164s)
  wrote w161 N=3 at 0.003  (304s)
  wrote w164 N=2 at 0.003  (187s)
  wrote w165 N=1 at 0.003  (159s)
  wrote w162 N=3 at 0.003  (305s)
  wrote w165 N=2 at 0.003  (185s)
  wrote w166 N=1 at 0.003  (159s)
  wrote w163 N=3 at 0.003  (305s)
  wrote w166 N=2 at 0.003  (184s)
  wrote w167 N=1 at 0.003  (160s)
  wrote w164 N=3 at 0.003  (305s)
  wrote w168 N=1 at 0.003  (165s)
  wrote w167 N=2 at 0.003  (188s)
  wrote w165 N=3 at 0.003  (304s)
  wrote w168 N=2 at 0.003  (188s)
  wrote w169 N=1 at 0.003  (165s)
  wrote w166 N=3 at 0.003  (308s)
  wrote w169 N=2 at 0.003  (187s)
  wrote w170 N=1 at 0.003  (163s)
  wrote w167 N=3 at 0.003  (305s)
  wrote w171 N=1 at 0.003  (158s)
  wrote w170 N=2 at 0.003  (182s)
  wrote w171 N=2 at 0.003  (182s)
  wrote w168 N=3 at 0.003  (308s)
  wrote w172 N=1 at 0.003  (159s)
  wrote w169 N=3 at 0.003  (307s)
  wrote w172 N=2 at 0.003  (185s)
  wrote w173 N=1 at 0.003  (159s)
  wrote w170 N=3 at 0.003  (298s)
  wrote w173 N=2 at 0.003  (181s)
  wrote w174 N=1 at 0.003  (158s)
  wrote w171 N=3 at 0.003  (300s)
  wrote w175 N=1 at 0.003  (158s)
  wrote w174 N=2 at 0.003  (182s)
  wrote w172 N=3 at 0.003  (296s)
  wrote w175 N=2 at 0.003  (184s)
  wrote w176 N=1 at 0.003  (158s)
  wrote w173 N=3 at 0.003  (298s)
  wrote w177 N=1 at 0.003  (157s)
  wrote w176 N=2 at 0.003  (181s)
  wrote w174 N=3 at 0.003  (302s)
  wrote w177 N=2 at 0.003  (181s)
  wrote w178 N=1 at 0.003  (158s)
  wrote w175 N=3 at 0.003  (301s)
  wrote w178 N=2 at 0.003  (181s)
  wrote w179 N=1 at 0.003  (158s)
  wrote w176 N=3 at 0.003  (297s)
  wrote w180 N=1 at 0.003  (158s)
  wrote w179 N=2 at 0.003  (180s)
  wrote w177 N=3 at 0.003  (297s)
  wrote w180 N=2 at 0.003  (185s)
  wrote w181 N=1 at 0.003  (158s)
  wrote w178 N=3 at 0.003  (300s)
  wrote w182 N=1 at 0.003  (157s)
  wrote w181 N=2 at 0.003  (185s)
  wrote w179 N=3 at 0.003  (297s)
  wrote w182 N=2 at 0.003  (180s)
  wrote w183 N=1 at 0.003  (158s)
  wrote w180 N=3 at 0.003  (297s)
  wrote w184 N=1 at 0.003  (158s)
  wrote w183 N=2 at 0.003  (180s)
  wrote w181 N=3 at 0.003  (296s)
  wrote w184 N=2 at 0.003  (183s)
  wrote w185 N=1 at 0.003  (163s)
  wrote w182 N=3 at 0.003  (297s)
  wrote w185 N=2 at 0.003  (180s)
  wrote w186 N=1 at 0.003  (158s)
  wrote w186 N=2 at 0.003  (182s)
  wrote w183 N=3 at 0.003  (301s)
  wrote w187 N=1 at 0.003  (158s)
  wrote w184 N=3 at 0.003  (297s)
  wrote w187 N=2 at 0.003  (181s)
  wrote w188 N=1 at 0.003  (164s)
  wrote w185 N=3 at 0.003  (296s)
  wrote w188 N=2 at 0.003  (181s)
  wrote w189 N=1 at 0.003  (160s)
  wrote w186 N=3 at 0.003  (298s)
  wrote w189 N=2 at 0.003  (182s)
  wrote w190 N=1 at 0.003  (159s)
  wrote w187 N=3 at 0.003  (301s)
  wrote w190 N=2 at 0.003  (182s)
  wrote w191 N=1 at 0.003  (165s)
  wrote w188 N=3 at 0.003  (298s)
  wrote w191 N=2 at 0.003  (181s)
  wrote w192 N=1 at 0.003  (160s)
  wrote w189 N=3 at 0.003  (300s)
  wrote w193 N=1 at 0.003  (157s)
  wrote w192 N=2 at 0.003  (182s)
  wrote w190 N=3 at 0.003  (296s)
  wrote w193 N=2 at 0.003  (183s)
  wrote w191 N=3 at 0.003  (297s)
  wrote w194 N=1 at 0.003  (164s)
  wrote w194 N=2 at 0.003  (180s)
  wrote w195 N=1 at 0.003  (158s)
  wrote w192 N=3 at 0.003  (297s)
  wrote w195 N=2 at 0.003  (184s)
  wrote w196 N=1 at 0.003  (158s)
  wrote w193 N=3 at 0.003  (295s)
  wrote w196 N=2 at 0.003  (180s)
  wrote w197 N=1 at 0.003  (157s)
  wrote w194 N=3 at 0.003  (296s)
  wrote w198 N=1 at 0.003  (155s)
  wrote w197 N=2 at 0.003  (180s)
  wrote w195 N=3 at 0.003  (280s)
  wrote w198 N=2 at 0.003  (158s)
  wrote w199 N=1 at 0.003  (132s)
  wrote w196 N=3 at 0.003  (261s)
  wrote w199 N=2 at 0.003  (138s)
  wrote w197 N=3 at 0.003  (242s)
  wrote w198 N=3 at 0.003  (218s)
  wrote w199 N=3 at 0.003  (189s)
  N=1  200 worlds
  N=2  200 worlds
  N=3  199 worlds, 1 dropped as unscorable
wrote C:\Users\hugos\Desktop\Research\Abstract Relational Paper\compositional-dynamics\figures\fig3_eta0p003.png
