  done current  N=2 seed 1
  done current  N=2 seed 0
  done 8x6      N=2 seed 0
  done 8x6      N=2 seed 1
  done 8x8      N=2 seed 0
  done 8x8      N=2 seed 1
  done current  N=3 seed 0
  done current  N=3 seed 1
  done 12x12    N=2 seed 1
  done 12x12    N=2 seed 0
  done 8x6      N=3 seed 1
  done 8x8      N=3 seed 0
  done 8x6      N=3 seed 0
  done 8x8      N=3 seed 1
  done 12x12    N=3 seed 0
  done 12x12    N=3 seed 1

depth 2, theory, median over seeds [0, 1]
  current  A   1050  B   1212  C   1638
  8x6      A   1112  B   1012  C   1475 | new    975 = 0.88x A | order new<A<B<C NO
  8x8      A   1112  B   1012  C   1475 | new    931 = 0.84x A | order new<A<B<C NO
  12x12    A   1288  B   1188  C   1725 | new    981 = 0.76x A | order new<A<B<C NO

depth 3, theory, median over seeds [0, 1]
  current  A   1138  B   1200  C   1212
  8x6      A   1150  B   1250  C   1325 | new   1169 = 1.02x A | order new<A<B<C NO
  8x8      A   1150  B   1250  C   1325 | new   1100 = 0.96x A | order new<A<B<C yes
  12x12    A   1338  B   1450  C   1550 | new   1250 = 0.93x A | order new<A<B<C yes

