depth 3, rate 0.03, switch at 5500, window 3000 epochs (3000 rescaled)
  at the switch: network 6.2651, prediction 6.2221  ->  inherited excess 0.0429
  integrated the flow at 32 substeps
  integrated the flow at 128 substeps
  integrated the flow at 512 substeps

  geometric error, all branched from the trained weights except the last
                               +250      +500     +1000     +2000     +3000
  per-fact SGD               1.1812    0.9269    0.6646    0.3662    0.0922
  full-batch GD              1.1925    0.9177    0.6312    0.2865    0.0930
  flow, 32 substeps          1.1928    0.9086    0.6080    0.2578    0.0533
  flow, 128 substeps         1.1928    0.9086    0.6080    0.2578    0.0533
  flow, 512 substeps         1.1928    0.9086    0.6080    0.2578    0.0533
  flow, own pre-switch       1.1785    0.8849    0.5746    0.2314    0.0456

  excess over the converged flow, as a fraction of it
  per-fact SGD                0.99x     1.02x     1.09x     1.42x     1.73x
  full-batch GD               1.00x     1.01x     1.04x     1.11x     1.75x
  flow, 32 substeps           1.00x     1.00x     1.00x     1.00x     1.00x
  flow, 128 substeps          1.00x     1.00x     1.00x     1.00x     1.00x
  flow, 512 substeps          1.00x     1.00x     1.00x     1.00x     1.00x
  flow, own pre-switch        0.99x     0.97x     0.95x     0.90x     0.86x
