  evaluated 60/324, 60 usable, 7s
  evaluated 120/324, 120 usable, 16s
  evaluated 180/324, 180 usable, 26s
  evaluated 240/324, 240 usable, 37s
  evaluated 300/324, 300 usable, 48s
pool: 324 usable shapes of 324, 54s

chosen ladder: min log10 rung gap 0.178, t* 656 to 15480, spread 23.6x
   rung times:   656 1056 1594 2400 3676 5545 8598 14706
   m=4 n=4 rep_x=24  rep_y=24   held  7
   m=4 n=5 rep_x=24  rep_y=12   held  9
   m=4 n=4 rep_x=6   rep_y=24   held  7
   m=5 n=5 rep_x=24  rep_y=6    held 12
   m=4 n=5 rep_x=3   rep_y=24   held  9
   m=4 n=5 rep_x=4   rep_y=2    held  9
   m=5 n=4 rep_x=16  rep_y=1    held  9
   m=5 n=4 rep_x=1   rep_y=8    held  9
   assembled t*: 656 656 1056 1056 1275 1913 2400 2400 3431 3921 4753 6338 7850 9345 13932 15480

LADDER = (
    dict(m=4, n=4, rep_x=24, rep_y=24),
    dict(m=4, n=5, rep_x=24, rep_y=12),
    dict(m=4, n=4, rep_x=6, rep_y=24),
    dict(m=5, n=5, rep_x=24, rep_y=6),
    dict(m=4, n=5, rep_x=3, rep_y=24),
    dict(m=4, n=5, rep_x=4, rep_y=2),
    dict(m=5, n=4, rep_x=16, rep_y=1),
    dict(m=5, n=4, rep_x=1, rep_y=8),
)
