unbridged world, both counterbalance arms.  learnt = 100% retrieval and miss under 0.05 spacings

N=1   budget 120000   current switch 10000
  closed=A open=B  (12/15 held-out items)
    closed law  learnt from    73800 | at the switch: 100.0%, miss   0.468 | at the end: 100.0%, miss  0.0178
    open law    quiet  from      200 | at the switch:   0.0%, miss   2.016 | at the end:   0.0%, miss  1.6342
    open geom   settles    48800 | loss settles   118200
    closed law  learnt at tau = 0.50:9400  0.20:23800  0.10:45200  0.05:73800
    READY       both conditions hold from epoch 73800
  closed=B open=A  (12/15 held-out items)
    closed law  learnt from    70000 | at the switch: 100.0%, miss   0.398 | at the end: 100.0%, miss  0.0153
    open law    quiet  from    29200 | at the switch: 100.0%, miss   1.806 | at the end:   0.0%, miss  1.6697
    open geom   settles    23200 | loss settles   118200
    closed law  learnt at tau = 0.50:8200  0.20:20200  0.10:39600  0.05:70000
    READY       both conditions hold from epoch 70000
  switch must clear BOTH arms: 73800

N=2   budget 20000   current switch 1500
  closed=A open=B  (12/15 held-out items)
    closed law  learnt from     4250 | at the switch: 100.0%, miss   0.453 | at the end: 100.0%, miss  0.0000
    open law    quiet  from        0 | at the switch:   0.0%, miss   1.763 | at the end:   0.0%, miss  1.7421
    open geom   settles     5725 | loss settles    19775
    closed law  learnt at tau = 0.50:1425  0.20:2475  0.10:3375  0.05:4250
    READY       both conditions hold from epoch 4250
  closed=B open=A  (12/15 held-out items)
    closed law  learnt from     4000 | at the switch: 100.0%, miss   0.299 | at the end: 100.0%, miss  0.0000
    open law    quiet  from     3475 | at the switch: 100.0%, miss   1.568 | at the end:   0.0%, miss  1.7991
    open geom   settles     5750 | loss settles    19775
    closed law  learnt at tau = 0.50:1150  0.20:1950  0.10:2850  0.05:4000
    READY       both conditions hold from epoch 4000
  switch must clear BOTH arms: 4250
unbridged world, both counterbalance arms.  learnt = 100% retrieval and miss under 0.05 spacings

N=3   budget 10000   current switch 1500
  closed=A open=B  (12/15 held-out items)
    closed law  learnt from     7525 | at the switch: 100.0%, miss   0.288 | at the end: 100.0%, miss  0.0012
    open law    quiet  from      450 | at the switch:   0.0%, miss   1.614 | at the end:   0.0%, miss  1.7984
    open geom   settles     3250 | loss settles     8325
    closed law  learnt at tau = 0.50:875  0.20:1675  0.10:6825  0.05:7525
    READY       both conditions hold from epoch 7525
  closed=B open=A  (12/15 held-out items)
    closed law  learnt from     2800 | at the switch: 100.0%, miss   0.240 | at the end: 100.0%, miss  0.0004
    open law    quiet  from     1825 | at the switch:  73.3%, miss   1.444 | at the end:   0.0%, miss  1.8970
    open geom   settles     2950 | loss settles     8300
    closed law  learnt at tau = 0.50:825  0.20:1625  0.10:1850  0.05:2800
    READY       both conditions hold from epoch 2800
  switch must clear BOTH arms: 7525
