==============================================================================
FIGURE 2  one linking fact on an undetermined composite, eta_target 0.03
  structure: 72 facts, 40 anchors, 110 tokens; null dim before/after [(0, 1), (1, 0)]; residual of the undetermined law before 0.2582-0.2582, after max 1.4e-15 (400 arms)
  spectrum: largest eigenvalue 19.037 -> 19.037; smallest nonzero 0.01103 -> 0.01048 (5.5e-04 of largest), 1.3 times below the next smallest; identical in every world
  200 worlds, 2 counterbalanced arms each, arms averaged within world
  N=1  (switch at 50000, 40000 epochs after, evaluated every 50; plotted window 2000)
   effect
    accuracy at the linking fact       both arms 10.93 +/- 1.49%
    accuracy at 2000 epochs, link vs none 77.42 +/- 2.00% vs 10.90 +/- 1.49% | higher in 182, lower in 0, equal in 18 of 200 | W = 0, z = 12.0, P = 6.3e-33
    accuracy without the link, 0-2000  change -0.03 +/- 0.02%, median 0.00 | up in 0, down in 2 of 200 | W = 0, P = 0.157
    accuracy without the link, run     change -6.30 +/- 1.17%, median 0.00 | up in 0, down in 34 of 200 | W = 0, P = 3.2e-07
    accuracy at run end, link vs none  100.00 +/- 0.00% vs 4.63 +/- 0.95% | higher in 200, lower in 0, equal in 0 of 200 | W = 0, z = 13.5, P = 2.2e-41
    plotted value at 2000 epochs       link 74.6, none -0.0 (0 = mean at the fact, 100 = all correct)
    log10 geometric error, none vs link 0.07 +/- 0.00 vs -0.20 +/- 0.00 | higher in 200, lower in 0, equal in 0 of 200 | W = 0, z = 12.3, P = 1.4e-34
    geometric error                    median 1.8-fold lower with the link at 2000 epochs (IQR 1.8-1.9)
   prediction
    accuracy curve, link, 0-2000       pooled R^2 = 0.9992 | per-world RMSE: median 0.0000, 95th pct 0.0000
    geometric-error curve, link, 0-2000 pooled R^2 = 1.0000 | per-world median |log10 net/pred|: median 0.0001, 95th pct 0.0002
    accuracy curve, none, 0-2000       pooled R^2 = 0.9988 | per-world RMSE: median 0.0000, 95th pct 0.0000
    geometric-error curve, none, 0-2000 pooled R^2 = 1.0000 | per-world median |log10 net/pred|: median 0.0002, 95th pct 0.0003
    epochs to 50% accuracy, link       n = 174 | Pearson r(log t) = 0.9996 | median |log10 obs/pred| = 0.0000 | within one evaluation (50 epochs) 100.0% | within 10% 98.9%
    epochs to 90% accuracy, link       n = 199 | Pearson r(log t) = 0.9993 | median |log10 obs/pred| = 0.0000 | within one evaluation (50 epochs) 100.0% | within 10% 99.5%
  N=2  (switch at 6000, 8000 epochs after, evaluated every 10; plotted window 2000)
   effect
    accuracy at the linking fact       both arms 4.15 +/- 0.90%
    accuracy at 2000 epochs, link vs none 100.00 +/- 0.00% vs 3.22 +/- 0.77% | higher in 200, lower in 0, equal in 0 of 200 | W = 0, z = 13.6, P = 5.7e-42
    accuracy without the link, 0-2000  change -0.93 +/- 0.33%, median 0.00 | up in 0, down in 15 of 200 | W = 0, P = 6.4e-04
    accuracy without the link, run     change -2.07 +/- 0.60%, median 0.00 | up in 0, down in 17 of 200 | W = 0, P = 2.9e-04
    accuracy at run end, link vs none  100.00 +/- 0.00% vs 2.08 +/- 0.62% | higher in 200, lower in 0, equal in 0 of 200 | W = 0, z = 13.7, P = 9.3e-43
    plotted value at 2000 epochs       link 100.0, none -1.0 (0 = mean at the fact, 100 = all correct)
    log10 geometric error, none vs link 0.19 +/- 0.00 vs -1.29 +/- 0.01 | higher in 200, lower in 0, equal in 0 of 200 | W = 0, z = 12.3, P = 1.4e-34
    geometric error                    median 31.1-fold lower with the link at 2000 epochs (IQR 25.8-36.6)
   prediction
    accuracy curve, link, 0-2000       pooled R^2 = 0.9815 | per-world RMSE: median 3.0565, 95th pct 4.8242
    geometric-error curve, link, 0-2000 pooled R^2 = 0.9994 | per-world median |log10 net/pred|: median 0.0089, 95th pct 0.0115
    accuracy curve, none, 0-2000       pooled R^2 = 0.9965 | per-world RMSE: median 0.0000, 95th pct 0.7435
    geometric-error curve, none, 0-2000 pooled R^2 = 0.9998 | per-world median |log10 net/pred|: median 0.0007, 95th pct 0.0009
    epochs to 50% accuracy, link       n = 194 | Pearson r(log t) = 0.9974 | median |log10 obs/pred| = 0.0000 | within one evaluation (10 epochs) 100.0% | within 10% 91.8%
    epochs to 90% accuracy, link       n = 200 | Pearson r(log t) = 0.9963 | median |log10 obs/pred| = 0.0177 | within one evaluation (10 epochs) 100.0% | within 10% 98.0%
  N=3  (switch at 3500, 4000 epochs after, evaluated every 10; plotted window 2000)
   effect
    accuracy at the linking fact       both arms 2.90 +/- 0.75%
    accuracy at 2000 epochs, link vs none 100.00 +/- 0.00% vs 2.63 +/- 0.68% | higher in 200, lower in 0, equal in 0 of 200 | W = 0, z = 13.7, P = 2.0e-42
    accuracy without the link, 0-2000  change -0.27 +/- 0.40%, median 0.00 | up in 2, down in 11 of 200 | W = 23, P = 0.116
    accuracy without the link, run     change -0.58 +/- 0.47%, median 0.00 | up in 3, down in 11 of 200 | W = 24, P = 0.079
    accuracy at run end, link vs none  100.00 +/- 0.00% vs 2.32 +/- 0.62% | higher in 200, lower in 0, equal in 0 of 200 | W = 0, z = 13.6, P = 2.8e-42
    plotted value at 2000 epochs       link 100.0, none -0.3 (0 = mean at the fact, 100 = all correct)
    log10 geometric error, none vs link 0.21 +/- 0.00 vs -1.35 +/- 0.02 | higher in 200, lower in 0, equal in 0 of 200 | W = 0, z = 12.3, P = 1.4e-34
    geometric error                    median 34.7-fold lower with the link at 2000 epochs (IQR 24.5-53.3)
   prediction
    accuracy curve, link, 0-2000       pooled R^2 = 0.9435 | per-world RMSE: median 3.3786, 95th pct 4.9875
    geometric-error curve, link, 0-2000 pooled R^2 = 0.9981 | per-world median |log10 net/pred|: median 0.0102, 95th pct 0.0176
    accuracy curve, none, 0-2000       pooled R^2 = 0.9981 | per-world RMSE: median 0.0000, 95th pct 0.5282
    geometric-error curve, none, 0-2000 pooled R^2 = 0.9999 | per-world median |log10 net/pred|: median 0.0003, 95th pct 0.0010
    epochs to 50% accuracy, link       n = 195 | Pearson r(log t) = 0.9693 | median |log10 obs/pred| = 0.0000 | within one evaluation (10 epochs) 100.0% | within 10% 56.9%
    epochs to 90% accuracy, link       n = 200 | Pearson r(log t) = 0.9661 | median |log10 obs/pred| = 0.0458 | within one evaluation (10 epochs) 99.5% | within 10% 54.0%
