==============================================================================
FIGURE 1  emergence of 16 laws from initialisation, eta_target 0.03
  structure (world 0): 16 laws, 1772 facts, 48 anchors, 328 tokens, rank 328, null dim 0, max identifiability residual 1.9e-15, held-out per law [7, 9]
    law A = L3_1, lattice 4x4, premise repetitions x 4, y 6
    law B = L2_1, lattice 4x4, premise repetitions x 3, y 4
    law C = L5_0, lattice 4x4, premise repetitions x 1, y 4
  N=1  (200 worlds, 3200 law-worlds, run to 10000 epochs, evaluated every 25)
   prediction
    emergence time, all 16 laws        n = 2125 | Pearson r(log t) = 1.0000 | median |log10 obs/pred| = 0.0000 | within one evaluation (25 epochs) 100.0% | within 10% 100.0%
                                       occurred in network only 0, prediction only 0, neither 1075
    order of the 16 laws, per world    median Spearman rho = 1.000 (IQR 1.000-1.000) over 200 worlds
    accuracy curves, all laws          pooled R^2 = 0.9999 | per-world RMSE: median 0.0000, 95th pct 0.7847
    geometric-error curves, all laws   pooled R^2 = 1.0000 | per-world median |log10 net/pred|: median 0.0001, 95th pct 0.0002
   effect
    drawn laws, emergence order        strictly A < B < C in 77.0% of worlds (A <= B <= C 78.0%); Friedman chi2(2) = 327.3, P = 8.5e-72
    law A                              emerged in 200 of 200 worlds, median t* = 4050
    law B                              emerged in 198 of 200 worlds, median t* = 5650
    law C                              emerged in 34 of 200 worlds, median t* = 8638
    spread across laws                 11 of 16 laws emerge in most worlds; median t* spans 4000-9662 epochs (2.4-fold)
  N=2  (200 worlds, 3200 law-worlds, run to 10000 epochs, evaluated every 25)
   prediction
    emergence time, all 16 laws        n = 3200 | Pearson r(log t) = 0.9989 | median |log10 obs/pred| = 0.0000 | within one evaluation (25 epochs) 99.9% | within 10% 99.9%
    order of the 16 laws, per world    median Spearman rho = 1.000 (IQR 0.999-1.000) over 200 worlds
    accuracy curves, all laws          pooled R^2 = 0.9997 | per-world RMSE: median 0.0000, 95th pct 1.0089
    geometric-error curves, all laws   pooled R^2 = 1.0000 | per-world median |log10 net/pred|: median 0.0011, 95th pct 0.0023
   effect
    drawn laws, emergence order        strictly A < B < C in 62.5% of worlds (A <= B <= C 64.0%); Friedman chi2(2) = 261.5, P = 1.6e-57
    law A                              emerged in 200 of 200 worlds, median t* = 1025
    law B                              emerged in 200 of 200 worlds, median t* = 1125
    law C                              emerged in 200 of 200 worlds, median t* = 1525
    spread across laws                 16 of 16 laws emerge in most worlds; median t* spans 1025-2062 epochs (2.0-fold)
    law identity vs emergence time     Kruskal-Wallis H(15) = 1876, P < 1e-300
  N=3  (200 worlds, 3200 law-worlds, run to 10000 epochs, evaluated every 25)
   prediction
    emergence time, all 16 laws        n = 3200 | Pearson r(log t) = 0.9899 | median |log10 obs/pred| = 0.0000 | within one evaluation (25 epochs) 98.8% | within 10% 99.5%
    order of the 16 laws, per world    median Spearman rho = 0.996 (IQR 0.991-0.999) over 200 worlds
    accuracy curves, all laws          pooled R^2 = 0.9990 | per-world RMSE: median 0.7134, 95th pct 1.5952
    geometric-error curves, all laws   pooled R^2 = 0.9999 | per-world median |log10 net/pred|: median 0.0042, 95th pct 0.0062
   effect
    drawn laws, emergence order        strictly A < B < C in 32.5% of worlds (A <= B <= C 40.5%); Friedman chi2(2) = 108.5, P = 2.8e-24
    law A                              emerged in 200 of 200 worlds, median t* = 1150
    law B                              emerged in 200 of 200 worlds, median t* = 1175
    law C                              emerged in 200 of 200 worlds, median t* = 1275
    spread across laws                 16 of 16 laws emerge in most worlds; median t* spans 1125-1400 epochs (1.2-fold)
    law identity vs emergence time     Kruskal-Wallis H(15) = 831, P = 2.3e-167
  one-number spectral summary
    N=1  lambda_max / slowest loaded eigenvalue vs t*: Spearman rho = 0.612, P = 1.4e-218, n = 2125
    N=2  lambda_max / slowest loaded eigenvalue vs t*: Spearman rho = 0.745, P < 1e-300, n = 3200
    N=3  lambda_max / slowest loaded eigenvalue vs t*: Spearman rho = 0.481, P = 1.0e-184, n = 3200
  depth
    N=1 vs N=2: 2125 law-worlds emerging at both; median t*(N=1)/t*(N=2) = 4.44 (IQR 3.59-5.49); faster at N=2 in 100.0%; Wilcoxon P < 1e-300
    N=1 vs N=3: 2125 law-worlds emerging at both; median t*(N=1)/t*(N=3) = 4.30 (IQR 3.40-5.66); faster at N=3 in 100.0%; Wilcoxon P < 1e-300
    N=2 vs N=3: 3200 law-worlds emerging at both; median t*(N=2)/t*(N=3) = 1.06 (IQR 0.92-1.23); faster at N=3 in 58.1%; Wilcoxon P = 5.5e-59
