
N=3   switch 2000, showing the first 4000 epochs after it
  closed=A open=B
    insert     epoch      miss   spacing     ratio       old
                   0    5.1642    3.0258    1.7067    2.1105
                 360    0.7387    3.4111    0.2166    0.1536
                 720    0.5330    3.6295    0.1469    0.0994
                1090    0.3290    3.6741    0.0895    0.0618
                1450    0.3125    3.6967    0.0845    0.0501
                1810    0.4448    3.7083    0.1200    0.0816
                2180    0.3738    3.7180    0.1005    0.0687
                2540    0.2891    3.7255    0.0776    0.0530
                2900    0.2254    3.7312    0.0604    0.0412
                3270    0.1744    3.7360    0.0467    0.0319
                3630    0.1347    3.7400    0.0360    0.0246
                4000    0.1039    3.7439    0.0278    0.0187
            reversals: miss 2, spacing 11, ratio 2, old 14
            end/start: miss -98.0%, spacing +23.7%, ratio -98.4%, old -99.1%
    hold       epoch      miss   spacing     ratio       old
                   0    5.1642    3.0258    1.7067    2.1105
                 360    5.5854    3.3037    1.6906    2.2659
                 720    5.8328    3.2967    1.7693    2.3625
                1090    5.9506    3.2896    1.8089    2.4126
                1450    6.0018    3.3538    1.7895    2.4284
                1810    6.0216    3.3614    1.7914    2.4259
                2180    6.0382    3.3638    1.7951    2.4342
                2540    6.0537    3.3651    1.7990    2.4427
                2900    6.0644    3.3664    1.8014    2.4481
                3270    6.0710    3.3677    1.8027    2.4513
                3630    6.0746    3.3689    1.8031    2.4530
                4000    6.0765    3.3700    1.8031    2.4539
            reversals: miss 0, spacing 54, ratio 44, old 66
            end/start: miss +17.7%, spacing +11.4%, ratio +5.6%, old +16.3%
  closed=B open=A
    insert     epoch      miss   spacing     ratio       old
                   0    4.5224    2.8327    1.5965    1.8780
                 360    0.9131    2.8672    0.3185    0.2069
                 720    0.7548    3.0497    0.2475    0.1455
                1090    0.5533    3.1480    0.1758    0.1071
                1450    0.5211    3.2116    0.1622    0.0866
                1810    0.5444    3.2563    0.1672    0.1026
                2180    0.3409    3.2819    0.1039    0.0646
                2540    0.1909    3.2932    0.0580    0.0360
                2900    0.1073    3.2983    0.0325    0.0202
                3270    0.0596    3.3006    0.0181    0.0111
                3630    0.0375    3.3015    0.0113    0.0069
                4000    0.0424    3.3023    0.0128    0.0071
            reversals: miss 7, spacing 3, ratio 5, old 23
            end/start: miss -99.1%, spacing +16.6%, ratio -99.2%, old -99.6%
    hold       epoch      miss   spacing     ratio       old
                   0    4.5224    2.8327    1.5965    1.8780
                 360    5.2209    2.9938    1.7439    2.1470
                 720    5.6719    3.0909    1.8350    2.3331
                1090    5.9239    3.1565    1.8767    2.4389
                1450    6.0833    3.2146    1.8924    2.4992
                1810    6.1782    3.2558    1.8976    2.5278
                2180    6.2069    3.2805    1.8920    2.5387
                2540    6.2144    3.2921    1.8877    2.5439
                2900    6.2186    3.2977    1.8857    2.5467
                3270    6.2221    3.3005    1.8852    2.5485
                3630    6.2253    3.3017    1.8854    2.5500
                4000    6.2285    3.3028    1.8858    2.5513
            reversals: miss 2, spacing 0, ratio 44, old 16
            end/start: miss +37.7%, spacing +16.6%, ratio +18.1%, old +35.9%
